[2026-01-04 00:00:16,178: INFO: main: Welcom to cnn  classifier]
[2026-01-04 01:53:47,036: INFO: common: yaml file: config\config.yaml loaded successfully]
[2026-01-04 01:53:47,036: INFO: common: yaml file: params.yaml loaded successfully]
[2026-01-06 12:16:12,992: INFO: main: >>>>>> stage Data Ingestion stage started <<<<<<]
[2026-01-06 12:16:12,992: INFO: common: yaml file: config\config.yaml loaded successfully]
[2026-01-06 12:16:12,992: INFO: common: yaml file: params.yaml loaded successfully]
[2026-01-06 12:16:12,992: ERROR: main: yaml file is empty]
Traceback (most recent call last):
  File "D:\Vikash-github\git-hub\MLOPs\Chest-cancer-using-deep-learing-mlflow-\src\cnnClassifier\utils\common.py", line 31, in read_yaml
    return ConfigBox(content)
  File "box\\box.py", line 283, in box.box.Box.__init__
box.exceptions.BoxValueError: Cannot extrapolate Box from string

During handling of the above exception, another exception occurred:

Traceback (most recent call last):
  File "D:\Vikash-github\git-hub\MLOPs\Chest-cancer-using-deep-learing-mlflow-\main.py", line 15, in <module>
    obj.main()
  File "D:\Vikash-github\git-hub\MLOPs\Chest-cancer-using-deep-learing-mlflow-\src\cnnClassifier\pipeline\stage_01_data_ingestion.py", line 15, in main
    config = ConfigurationManager()
  File "D:\Vikash-github\git-hub\MLOPs\Chest-cancer-using-deep-learing-mlflow-\src\cnnClassifier\config\configuration.py", line 14, in __init__
    self.params = read_yaml(params_filepath)
  File "C:\Users\vikash.vk.kumar\AppData\Local\anaconda3\envs\cancer\lib\site-packages\ensure\main.py", line 849, in __call__
    return_val = self.f(*args, **kwargs)
  File "D:\Vikash-github\git-hub\MLOPs\Chest-cancer-using-deep-learing-mlflow-\src\cnnClassifier\utils\common.py", line 33, in read_yaml
    raise ValueError("yaml file is empty")
ValueError: yaml file is empty
[2026-01-06 12:27:16,050: INFO: main: >>>>>> stage Data Ingestion stage started <<<<<<]
[2026-01-06 12:27:16,052: INFO: common: yaml file: config\config.yaml loaded successfully]
[2026-01-06 12:27:16,053: INFO: common: yaml file: params.yaml loaded successfully]
[2026-01-06 12:27:16,054: INFO: common: created directory at: artifacts]
[2026-01-06 12:27:16,054: INFO: common: created directory at: artifacts/data_ingestion]
[2026-01-06 12:27:16,055: INFO: data_ingestion: Downloading data from https://drive.google.com/file/d/1z0mreUtRmR-P-magILsDR3T7M6IkGXtY/view?usp=sharing into file artifacts/data_ingestion/data.zip]
[2026-01-06 12:27:16,187: ERROR: main: HTTPSConnectionPool(host='drive.google.com', port=443): Max retries exceeded with url: /uc?/export=download&id=1z0mreUtRmR-P-magILsDR3T7M6IkGXtY (Caused by SSLError(SSLCertVerificationError(1, '[SSL: CERTIFICATE_VERIFY_FAILED] certificate verify failed: unable to get local issuer certificate (_ssl.c:1147)')))]
Traceback (most recent call last):
  File "C:\Users\vikash.vk.kumar\AppData\Local\anaconda3\envs\cancer\lib\site-packages\urllib3\connectionpool.py", line 464, in _make_request
    self._validate_conn(conn)
  File "C:\Users\vikash.vk.kumar\AppData\Local\anaconda3\envs\cancer\lib\site-packages\urllib3\connectionpool.py", line 1093, in _validate_conn
    conn.connect()
  File "C:\Users\vikash.vk.kumar\AppData\Local\anaconda3\envs\cancer\lib\site-packages\urllib3\connection.py", line 796, in connect
    sock_and_verified = _ssl_wrap_socket_and_match_hostname(
  File "C:\Users\vikash.vk.kumar\AppData\Local\anaconda3\envs\cancer\lib\site-packages\urllib3\connection.py", line 975, in _ssl_wrap_socket_and_match_hostname
    ssl_sock = ssl_wrap_socket(
  File "C:\Users\vikash.vk.kumar\AppData\Local\anaconda3\envs\cancer\lib\site-packages\urllib3\util\ssl_.py", line 483, in ssl_wrap_socket
    ssl_sock = _ssl_wrap_socket_impl(sock, context, tls_in_tls, server_hostname)
  File "C:\Users\vikash.vk.kumar\AppData\Local\anaconda3\envs\cancer\lib\site-packages\urllib3\util\ssl_.py", line 527, in _ssl_wrap_socket_impl
    return ssl_context.wrap_socket(sock, server_hostname=server_hostname)
  File "C:\Users\vikash.vk.kumar\AppData\Local\anaconda3\envs\cancer\lib\ssl.py", line 501, in wrap_socket
    return self.sslsocket_class._create(
  File "C:\Users\vikash.vk.kumar\AppData\Local\anaconda3\envs\cancer\lib\ssl.py", line 1076, in _create
    self.do_handshake()
  File "C:\Users\vikash.vk.kumar\AppData\Local\anaconda3\envs\cancer\lib\ssl.py", line 1345, in do_handshake
    self._sslobj.do_handshake()
ssl.SSLCertVerificationError: [SSL: CERTIFICATE_VERIFY_FAILED] certificate verify failed: unable to get local issuer certificate (_ssl.c:1147)

During handling of the above exception, another exception occurred:

Traceback (most recent call last):
  File "C:\Users\vikash.vk.kumar\AppData\Local\anaconda3\envs\cancer\lib\site-packages\urllib3\connectionpool.py", line 787, in urlopen
    response = self._make_request(
  File "C:\Users\vikash.vk.kumar\AppData\Local\anaconda3\envs\cancer\lib\site-packages\urllib3\connectionpool.py", line 488, in _make_request
    raise new_e
urllib3.exceptions.SSLError: [SSL: CERTIFICATE_VERIFY_FAILED] certificate verify failed: unable to get local issuer certificate (_ssl.c:1147)

The above exception was the direct cause of the following exception:

Traceback (most recent call last):
  File "C:\Users\vikash.vk.kumar\AppData\Local\anaconda3\envs\cancer\lib\site-packages\requests\adapters.py", line 644, in send
    resp = conn.urlopen(
  File "C:\Users\vikash.vk.kumar\AppData\Local\anaconda3\envs\cancer\lib\site-packages\urllib3\connectionpool.py", line 841, in urlopen
    retries = retries.increment(
  File "C:\Users\vikash.vk.kumar\AppData\Local\anaconda3\envs\cancer\lib\site-packages\urllib3\util\retry.py", line 519, in increment
    raise MaxRetryError(_pool, url, reason) from reason  # type: ignore[arg-type]
urllib3.exceptions.MaxRetryError: HTTPSConnectionPool(host='drive.google.com', port=443): Max retries exceeded with url: /uc?/export=download&id=1z0mreUtRmR-P-magILsDR3T7M6IkGXtY (Caused by SSLError(SSLCertVerificationError(1, '[SSL: CERTIFICATE_VERIFY_FAILED] certificate verify failed: unable to get local issuer certificate (_ssl.c:1147)')))

During handling of the above exception, another exception occurred:

Traceback (most recent call last):
  File "D:\Vikash-github\git-hub\MLOPs\Chest-cancer-using-deep-learing-mlflow-\main.py", line 15, in <module>
    obj.main()
  File "D:\Vikash-github\git-hub\MLOPs\Chest-cancer-using-deep-learing-mlflow-\src\cnnClassifier\pipeline\stage_01_data_ingestion.py", line 18, in main
    data_ingestion.download_file()
  File "D:\Vikash-github\git-hub\MLOPs\Chest-cancer-using-deep-learing-mlflow-\src\cnnClassifier\components\data_ingestion.py", line 34, in download_file
    raise e
  File "D:\Vikash-github\git-hub\MLOPs\Chest-cancer-using-deep-learing-mlflow-\src\cnnClassifier\components\data_ingestion.py", line 29, in download_file
    gdown.download(prefix+file_id,zip_download_dir)
  File "C:\Users\vikash.vk.kumar\AppData\Local\anaconda3\envs\cancer\lib\site-packages\gdown\download.py", line 202, in download
    res = sess.get(url, stream=True, verify=verify)
  File "C:\Users\vikash.vk.kumar\AppData\Local\anaconda3\envs\cancer\lib\site-packages\requests\sessions.py", line 602, in get
    return self.request("GET", url, **kwargs)
  File "C:\Users\vikash.vk.kumar\AppData\Local\anaconda3\envs\cancer\lib\site-packages\requests\sessions.py", line 589, in request
    resp = self.send(prep, **send_kwargs)
  File "C:\Users\vikash.vk.kumar\AppData\Local\anaconda3\envs\cancer\lib\site-packages\requests\sessions.py", line 703, in send
    r = adapter.send(request, **kwargs)
  File "C:\Users\vikash.vk.kumar\AppData\Local\anaconda3\envs\cancer\lib\site-packages\requests\adapters.py", line 675, in send
    raise SSLError(e, request=request)
requests.exceptions.SSLError: HTTPSConnectionPool(host='drive.google.com', port=443): Max retries exceeded with url: /uc?/export=download&id=1z0mreUtRmR-P-magILsDR3T7M6IkGXtY (Caused by SSLError(SSLCertVerificationError(1, '[SSL: CERTIFICATE_VERIFY_FAILED] certificate verify failed: unable to get local issuer certificate (_ssl.c:1147)')))
[2026-01-06 12:33:23,669: INFO: main: >>>>>> stage Data Ingestion stage started <<<<<<]
[2026-01-06 12:33:23,669: INFO: common: yaml file: config\config.yaml loaded successfully]
[2026-01-06 12:33:23,669: INFO: common: yaml file: params.yaml loaded successfully]
[2026-01-06 12:33:23,669: INFO: common: created directory at: artifacts]
[2026-01-06 12:33:23,677: INFO: common: created directory at: artifacts/data_ingestion]
[2026-01-06 12:33:23,677: INFO: main: >>>>>> stage Data Ingestion stage completed <<<<<<

x==========x]
[2026-01-06 12:33:23,677: INFO: main: *******************]
[2026-01-06 12:33:23,677: INFO: main: >>>>>> stage Prepare base model started <<<<<<]
[2026-01-06 12:33:23,677: ERROR: main: name 'PrepareBaseModelTrainingPipeline' is not defined]
Traceback (most recent call last):
  File "D:\Vikash-github\git-hub\MLOPs\Chest-cancer-using-deep-learing-mlflow-\main.py", line 27, in <module>
    prepare_base_model = PrepareBaseModelTrainingPipeline()
NameError: name 'PrepareBaseModelTrainingPipeline' is not defined
[2026-01-06 12:35:23,735: INFO: main: >>>>>> stage Data Ingestion stage started <<<<<<]
[2026-01-06 12:35:23,735: INFO: common: yaml file: config\config.yaml loaded successfully]
[2026-01-06 12:35:23,735: INFO: common: yaml file: params.yaml loaded successfully]
[2026-01-06 12:35:23,735: INFO: common: created directory at: artifacts]
[2026-01-06 12:35:23,750: INFO: common: created directory at: artifacts/data_ingestion]
[2026-01-06 12:35:23,751: INFO: main: >>>>>> stage Data Ingestion stage completed <<<<<<

x==========x]
[2026-01-06 13:37:18,412: INFO: common: yaml file: config\config.yaml loaded successfully]
[2026-01-06 13:37:18,418: INFO: common: yaml file: params.yaml loaded successfully]
[2026-01-06 13:37:18,420: INFO: common: created directory at: artifacts]
[2026-01-06 13:37:18,421: INFO: common: created directory at: artifacts/prepare_base_model]
[2026-01-06 13:37:32,951: WARNING: saving_utils: Compiled the loaded model, but the compiled metrics have yet to be built. `model.compile_metrics` will be empty until you train or evaluate the model.]
[2026-01-06 14:03:08,567: INFO: main: >>>>>> stage Data Ingestion stage started <<<<<<]
[2026-01-06 14:03:08,567: INFO: common: yaml file: config\config.yaml loaded successfully]
[2026-01-06 14:03:08,571: INFO: common: yaml file: params.yaml loaded successfully]
[2026-01-06 14:03:08,571: INFO: common: created directory at: artifacts]
[2026-01-06 14:03:08,571: INFO: common: created directory at: artifacts/data_ingestion]
[2026-01-06 14:03:08,571: INFO: main: >>>>>> stage Data Ingestion stage completed <<<<<<

x==========x]
[2026-01-06 14:03:08,571: INFO: main: *******************]
[2026-01-06 14:03:08,571: INFO: main: >>>>>> stage Prepare base model started <<<<<<]
[2026-01-06 14:03:08,575: ERROR: main: name 'PrepareBaseModelTrainingPipeline' is not defined]
Traceback (most recent call last):
  File "D:\Vikash-github\git-hub\MLOPs\Chest-cancer-using-deep-learing-mlflow-\main.py", line 27, in <module>
    prepare_base_model = PrepareBaseModelTrainingPipeline()
NameError: name 'PrepareBaseModelTrainingPipeline' is not defined
[2026-01-06 14:05:45,651: INFO: main: >>>>>> stage Data Ingestion stage started <<<<<<]
[2026-01-06 14:05:45,673: INFO: common: yaml file: config\config.yaml loaded successfully]
[2026-01-06 14:05:45,675: INFO: common: yaml file: params.yaml loaded successfully]
[2026-01-06 14:05:45,676: INFO: common: created directory at: artifacts]
[2026-01-06 14:05:45,676: INFO: common: created directory at: artifacts/data_ingestion]
[2026-01-06 14:05:45,676: INFO: main: >>>>>> stage Data Ingestion stage completed <<<<<<

x==========x]
[2026-01-06 14:05:45,676: INFO: main: *******************]
[2026-01-06 14:05:45,676: INFO: main: >>>>>> stage Prepare base model started <<<<<<]
[2026-01-06 14:05:45,676: INFO: common: yaml file: config\config.yaml loaded successfully]
[2026-01-06 14:05:45,676: INFO: common: yaml file: params.yaml loaded successfully]
[2026-01-06 14:05:45,676: INFO: common: created directory at: artifacts]
[2026-01-06 14:05:45,676: INFO: common: created directory at: artifacts/prepare_base_model]
[2026-01-06 14:51:20,236: INFO: main: >>>>>> stage Data Ingestion stage started <<<<<<]
[2026-01-06 14:51:20,236: INFO: common: yaml file: config\config.yaml loaded successfully]
[2026-01-06 14:51:20,236: INFO: common: yaml file: params.yaml loaded successfully]
[2026-01-06 14:51:20,236: INFO: common: created directory at: artifacts]
[2026-01-06 14:51:20,236: INFO: common: created directory at: artifacts/data_ingestion]
[2026-01-06 14:51:20,236: INFO: main: >>>>>> stage Data Ingestion stage completed <<<<<<

x==========x]
[2026-01-06 14:51:20,250: INFO: main: *******************]
[2026-01-06 14:51:20,250: INFO: main: >>>>>> stage Prepare base model started <<<<<<]
[2026-01-06 14:51:20,250: INFO: common: yaml file: config\config.yaml loaded successfully]
[2026-01-06 14:51:20,259: INFO: common: yaml file: params.yaml loaded successfully]
[2026-01-06 14:51:20,259: INFO: common: created directory at: artifacts]
[2026-01-06 14:51:20,259: INFO: common: created directory at: artifacts/prepare_base_model]
[2026-01-06 14:51:20,644: WARNING: saving_utils: Compiled the loaded model, but the compiled metrics have yet to be built. `model.compile_metrics` will be empty until you train or evaluate the model.]
[2026-01-06 14:51:20,778: INFO: main: >>>>>> stage Prepare base model completed <<<<<<

x==========x]
[2026-01-06 15:22:29,958: INFO: main: >>>>>> stage Data Ingestion stage started <<<<<<]
[2026-01-06 15:22:29,958: INFO: common: yaml file: config\config.yaml loaded successfully]
[2026-01-06 15:22:29,958: INFO: common: yaml file: params.yaml loaded successfully]
[2026-01-06 15:22:29,958: INFO: common: created directory at: artifacts]
[2026-01-06 15:22:29,958: INFO: common: created directory at: artifacts/data_ingestion]
[2026-01-06 15:22:29,958: INFO: main: >>>>>> stage Data Ingestion stage completed <<<<<<

x==========x]
[2026-01-06 15:22:29,958: INFO: main: *******************]
[2026-01-06 15:22:29,958: INFO: main: >>>>>> stage Prepare base model started <<<<<<]
[2026-01-06 15:22:29,958: INFO: common: yaml file: config\config.yaml loaded successfully]
[2026-01-06 15:22:29,970: INFO: common: yaml file: params.yaml loaded successfully]
[2026-01-06 15:22:29,971: INFO: common: created directory at: artifacts]
[2026-01-06 15:22:29,971: INFO: common: created directory at: artifacts/prepare_base_model]
[2026-01-06 15:22:30,290: WARNING: saving_utils: Compiled the loaded model, but the compiled metrics have yet to be built. `model.compile_metrics` will be empty until you train or evaluate the model.]
[2026-01-06 15:22:30,464: INFO: main: >>>>>> stage Prepare base model completed <<<<<<

x==========x]
[2026-01-06 15:22:30,464: INFO: main: *******************]
[2026-01-06 15:22:30,464: INFO: main: >>>>>> stage Training started <<<<<<]
[2026-01-06 15:22:30,464: INFO: common: yaml file: config\config.yaml loaded successfully]
[2026-01-06 15:22:30,464: INFO: common: yaml file: params.yaml loaded successfully]
[2026-01-06 15:22:30,464: INFO: common: created directory at: artifacts]
[2026-01-06 15:22:30,464: ERROR: main: name 'os' is not defined]
Traceback (most recent call last):
  File "D:\Vikash-github\git-hub\MLOPs\Chest-cancer-using-deep-learing-mlflow-\main.py", line 42, in <module>
    model_trainer.main()
  File "D:\Vikash-github\git-hub\MLOPs\Chest-cancer-using-deep-learing-mlflow-\src\cnnClassifier\pipeline\stage_03_model_trainer.py", line 16, in main
    training_config = config.get_training_config()
  File "D:\Vikash-github\git-hub\MLOPs\Chest-cancer-using-deep-learing-mlflow-\src\cnnClassifier\config\configuration.py", line 57, in get_training_config
    training_data = os.path.join(self.config.data_ingestion.unzip_dir, "Chest-CT-Scan-data")
NameError: name 'os' is not defined
[2026-01-06 15:24:04,937: INFO: main: >>>>>> stage Data Ingestion stage started <<<<<<]
[2026-01-06 15:24:04,937: INFO: common: yaml file: config\config.yaml loaded successfully]
[2026-01-06 15:24:04,937: INFO: common: yaml file: params.yaml loaded successfully]
[2026-01-06 15:24:04,937: INFO: common: created directory at: artifacts]
[2026-01-06 15:24:04,937: INFO: common: created directory at: artifacts/data_ingestion]
[2026-01-06 15:24:04,937: INFO: main: >>>>>> stage Data Ingestion stage completed <<<<<<

x==========x]
[2026-01-06 15:24:04,937: INFO: main: *******************]
[2026-01-06 15:24:04,937: INFO: main: >>>>>> stage Prepare base model started <<<<<<]
[2026-01-06 15:24:04,937: INFO: common: yaml file: config\config.yaml loaded successfully]
[2026-01-06 15:24:04,946: INFO: common: yaml file: params.yaml loaded successfully]
[2026-01-06 15:24:04,946: INFO: common: created directory at: artifacts]
[2026-01-06 15:24:04,946: INFO: common: created directory at: artifacts/prepare_base_model]
[2026-01-06 15:24:05,269: WARNING: saving_utils: Compiled the loaded model, but the compiled metrics have yet to be built. `model.compile_metrics` will be empty until you train or evaluate the model.]
[2026-01-06 15:24:05,454: INFO: main: >>>>>> stage Prepare base model completed <<<<<<

x==========x]
[2026-01-06 15:24:05,454: INFO: main: *******************]
[2026-01-06 15:24:05,454: INFO: main: >>>>>> stage Training started <<<<<<]
[2026-01-06 15:24:05,454: INFO: common: yaml file: config\config.yaml loaded successfully]
[2026-01-06 15:24:05,454: INFO: common: yaml file: params.yaml loaded successfully]
[2026-01-06 15:24:05,454: INFO: common: created directory at: artifacts]
[2026-01-06 15:24:05,462: INFO: common: created directory at: artifacts\training]
[2026-01-06 15:25:16,673: INFO: main: >>>>>> stage Training completed <<<<<<

x==========x]
[2026-01-06 16:55:46,111: INFO: main: >>>>>> stage Data Ingestion stage started <<<<<<]
[2026-01-06 16:55:46,111: INFO: common: yaml file: config\config.yaml loaded successfully]
[2026-01-06 16:55:46,111: INFO: common: yaml file: params.yaml loaded successfully]
[2026-01-06 16:55:46,111: INFO: common: created directory at: artifacts]
[2026-01-06 16:55:46,111: INFO: common: created directory at: artifacts/data_ingestion]
[2026-01-06 16:55:46,111: INFO: main: >>>>>> stage Data Ingestion stage completed <<<<<<

x==========x]
[2026-01-06 16:55:46,119: INFO: main: *******************]
[2026-01-06 16:55:46,119: INFO: main: >>>>>> stage Prepare base model started <<<<<<]
[2026-01-06 16:55:46,119: INFO: common: yaml file: config\config.yaml loaded successfully]
[2026-01-06 16:55:46,119: INFO: common: yaml file: params.yaml loaded successfully]
[2026-01-06 16:55:46,119: INFO: common: created directory at: artifacts]
[2026-01-06 16:55:46,119: INFO: common: created directory at: artifacts/prepare_base_model]
[2026-01-06 16:55:46,461: WARNING: saving_utils: Compiled the loaded model, but the compiled metrics have yet to be built. `model.compile_metrics` will be empty until you train or evaluate the model.]
[2026-01-06 16:55:46,634: INFO: main: >>>>>> stage Prepare base model completed <<<<<<

x==========x]
[2026-01-06 16:55:46,634: INFO: main: *******************]
[2026-01-06 16:55:46,634: INFO: main: >>>>>> stage Training started <<<<<<]
[2026-01-06 16:55:46,642: INFO: common: yaml file: config\config.yaml loaded successfully]
[2026-01-06 16:55:46,643: INFO: common: yaml file: params.yaml loaded successfully]
[2026-01-06 16:55:46,643: INFO: common: created directory at: artifacts]
[2026-01-06 16:55:46,643: INFO: common: created directory at: artifacts\training]
[2026-01-06 16:56:05,897: INFO: main: >>>>>> stage Training completed <<<<<<

x==========x]
[2026-01-06 16:56:05,897: INFO: main: *******************]
[2026-01-06 16:56:05,897: INFO: main: >>>>>> stage Evaluation stage started <<<<<<]
[2026-01-06 16:56:05,905: INFO: common: yaml file: config\config.yaml loaded successfully]
[2026-01-06 16:56:05,905: INFO: common: yaml file: params.yaml loaded successfully]
[2026-01-06 16:56:05,905: INFO: common: created directory at: artifacts]
[2026-01-06 16:56:11,925: INFO: common: json file saved at: scores.json]
[2026-01-06 16:56:11,925: INFO: common: json file saved at: scores.json]
[2026-01-06 16:56:11,925: INFO: main: >>>>>> stage Evaluation stage completed <<<<<<

x==========x]
[2026-01-06 17:03:58,680: INFO: main: >>>>>> stage Data Ingestion stage started <<<<<<]
[2026-01-06 17:03:58,680: INFO: common: yaml file: config\config.yaml loaded successfully]
[2026-01-06 17:03:58,680: INFO: common: yaml file: params.yaml loaded successfully]
[2026-01-06 17:03:58,680: INFO: common: created directory at: artifacts]
[2026-01-06 17:03:58,680: INFO: common: created directory at: artifacts/data_ingestion]
[2026-01-06 17:03:58,690: INFO: main: >>>>>> stage Data Ingestion stage completed <<<<<<

x==========x]
[2026-01-06 17:03:58,690: INFO: main: *******************]
[2026-01-06 17:03:58,690: INFO: main: >>>>>> stage Prepare base model started <<<<<<]
[2026-01-06 17:03:58,690: INFO: common: yaml file: config\config.yaml loaded successfully]
[2026-01-06 17:03:58,690: INFO: common: yaml file: params.yaml loaded successfully]
[2026-01-06 17:03:58,690: INFO: common: created directory at: artifacts]
[2026-01-06 17:03:58,690: INFO: common: created directory at: artifacts/prepare_base_model]
[2026-01-06 17:03:59,069: WARNING: saving_utils: Compiled the loaded model, but the compiled metrics have yet to be built. `model.compile_metrics` will be empty until you train or evaluate the model.]
[2026-01-06 17:03:59,253: INFO: main: >>>>>> stage Prepare base model completed <<<<<<

x==========x]
[2026-01-06 17:03:59,253: INFO: main: *******************]
[2026-01-06 17:03:59,253: INFO: main: >>>>>> stage Training started <<<<<<]
[2026-01-06 17:03:59,253: INFO: common: yaml file: config\config.yaml loaded successfully]
[2026-01-06 17:03:59,253: INFO: common: yaml file: params.yaml loaded successfully]
[2026-01-06 17:03:59,253: INFO: common: created directory at: artifacts]
[2026-01-06 17:03:59,261: INFO: common: created directory at: artifacts\training]
[2026-01-06 17:04:19,750: INFO: main: >>>>>> stage Training completed <<<<<<

x==========x]
[2026-01-06 17:04:19,750: INFO: main: *******************]
[2026-01-06 17:04:19,750: INFO: main: >>>>>> stage Evaluation stage started <<<<<<]
[2026-01-06 17:04:19,750: INFO: common: yaml file: config\config.yaml loaded successfully]
[2026-01-06 17:04:19,758: INFO: common: yaml file: params.yaml loaded successfully]
[2026-01-06 17:04:19,758: INFO: common: created directory at: artifacts]
[2026-01-06 17:04:25,972: INFO: common: json file saved at: scores.json]
[2026-01-06 17:04:25,972: INFO: common: json file saved at: scores.json]
[2026-01-06 17:04:27,038: WARNING: save: Found untraced functions such as _jit_compiled_convolution_op, _jit_compiled_convolution_op, _jit_compiled_convolution_op, _jit_compiled_convolution_op, _jit_compiled_convolution_op while saving (showing 5 of 14). These functions will not be directly callable after loading.]
[2026-01-06 17:04:27,423: INFO: builder_impl: Assets written to: C:\Users\VIKASH~1.KUM\AppData\Local\Temp\tmpso6stboh\model\data\model\assets]
[2026-01-06 17:04:36,297: ERROR: main: No module named 'distutils._modified']
Traceback (most recent call last):
  File "D:\Vikash-github\git-hub\MLOPs\Chest-cancer-using-deep-learing-mlflow-\main.py", line 57, in <module>
    model_evalution.main()
  File "D:\Vikash-github\git-hub\MLOPs\Chest-cancer-using-deep-learing-mlflow-\src\cnnClassifier\pipeline\stage_04_model_evaluation.py", line 20, in main
    evaluation.log_into_mlflow()
  File "D:\Vikash-github\git-hub\MLOPs\Chest-cancer-using-deep-learing-mlflow-\src\cnnClassifier\components\model_evaluation_mlflow.py", line 74, in log_into_mlflow
    mlflow.keras.log_model(self.model, "model")
  File "C:\Users\vikash.vk.kumar\AppData\Local\anaconda3\envs\cancer\lib\site-packages\mlflow\tensorflow\__init__.py", line 222, in log_model
    return Model.log(
  File "C:\Users\vikash.vk.kumar\AppData\Local\anaconda3\envs\cancer\lib\site-packages\mlflow\models\model.py", line 552, in log
    mlflow.tracking.fluent.log_artifacts(local_path, mlflow_model.artifact_path)
  File "C:\Users\vikash.vk.kumar\AppData\Local\anaconda3\envs\cancer\lib\site-packages\mlflow\tracking\fluent.py", line 817, in log_artifacts
    MlflowClient().log_artifacts(run_id, local_dir, artifact_path)
  File "C:\Users\vikash.vk.kumar\AppData\Local\anaconda3\envs\cancer\lib\site-packages\mlflow\tracking\client.py", line 1069, in log_artifacts
    self._tracking_client.log_artifacts(run_id, local_dir, artifact_path)
  File "C:\Users\vikash.vk.kumar\AppData\Local\anaconda3\envs\cancer\lib\site-packages\mlflow\tracking\_tracking_service\client.py", line 448, in log_artifacts
    self._get_artifact_repo(run_id).log_artifacts(local_dir, artifact_path)
  File "C:\Users\vikash.vk.kumar\AppData\Local\anaconda3\envs\cancer\lib\site-packages\mlflow\store\artifact\local_artifact_repo.py", line 58, in log_artifacts
    dir_util.copy_tree(src=local_dir, dst=artifact_dir, preserve_mode=0, preserve_times=0)
  File "C:\Users\vikash.vk.kumar\AppData\Local\anaconda3\envs\cancer\lib\site-packages\setuptools\_distutils\dir_util.py", line 150, in copy_tree
    return list(itertools.chain.from_iterable(map(copy_one, names)))
  File "C:\Users\vikash.vk.kumar\AppData\Local\anaconda3\envs\cancer\lib\site-packages\setuptools\_distutils\dir_util.py", line 192, in _copy_one
    file_util.copy_file(
  File "C:\Users\vikash.vk.kumar\AppData\Local\anaconda3\envs\cancer\lib\site-packages\setuptools\_distutils\file_util.py", line 104, in copy_file
    from distutils._modified import newer
ModuleNotFoundError: No module named 'distutils._modified'
